Settings:
  Output files: "/home/haris/Desktop/Bioinformatics_Project/data/reference/hisat2_index/GRCh38_r110/genome.*.ht2"
  Line rate: 6 (line is 64 bytes)
  Lines per side: 1 (side is 64 bytes)
  Offset rate: 4 (one in 16)
  FTable chars: 10
  Strings: unpacked
  Local offset rate: 3 (one in 8)
  Local fTable chars: 6
  Local sequence length: 57344
  Local sequence overlap between two consecutive indexes: 1024
  Endianness: little
  Actual local endianness: little
  Sanity checking: disabled
  Assertions: disabled
  Random seed: 0
  Sizeofs: void*:8, int:4, long:8, size_t:8
Input files DNA, FASTA:
  /home/haris/Desktop/Bioinformatics_Project/data/reference/fasta/GRCh38_r110/Homo_sapiens.GRCh38.dna_sm.primary_assembly.fa
Reading reference sizes
  Time reading reference sizes: 00:00:12
Calculating joined length
Writing header
Reserving space for joined string
Joining reference sequences
  Time to join reference sequences: 00:00:04
  Time to read SNPs and splice sites: 00:00:00
Using parameters --bmax 34554231 --dcv 1024
  Doing ahead-of-time memory usage test
  Passed!  Constructing with these parameters: --bmax 34554231 --dcv 1024
Constructing suffix-array element generator
Converting suffix-array elements to index image
Allocating ftab, absorbFtab
Entering GFM loop
Exited GFM loop
fchr[A]: 0
fchr[C]: 870384190
fchr[G]: 1471627168
fchr[T]: 2075457683
fchr[$]: 2948627755
Exiting GFM::buildToDisk()
Returning from initFromVector
Wrote 987098999 bytes to primary GFM file: /home/haris/Desktop/Bioinformatics_Project/data/reference/hisat2_index/GRCh38_r110/genome.1.ht2
Wrote 737156944 bytes to secondary GFM file: /home/haris/Desktop/Bioinformatics_Project/data/reference/hisat2_index/GRCh38_r110/genome.2.ht2
Re-opening _in1 and _in2 as input streams
Returning from GFM constructor
Returning from initFromVector
Wrote 1296562299 bytes to primary GFM file: /home/haris/Desktop/Bioinformatics_Project/data/reference/hisat2_index/GRCh38_r110/genome.5.ht2
Wrote 750650868 bytes to secondary GFM file: /home/haris/Desktop/Bioinformatics_Project/data/reference/hisat2_index/GRCh38_r110/genome.6.ht2
Re-opening _in5 and _in5 as input streams
Returning from HGFM constructor
Headers:
    len: 2948627755
    gbwtLen: 2948627756
    nodes: 2948627756
    sz: 737156939
    gbwtSz: 737156940
    lineRate: 6
    offRate: 4
    offMask: 0xfffffff0
    ftabChars: 10
    eftabLen: 0
    eftabSz: 0
    ftabLen: 1048577
    ftabSz: 4194308
    offsLen: 184289235
    offsSz: 737156940
    lineSz: 64
    sideSz: 64
    sideGbwtSz: 48
    sideGbwtLen: 192
    numSides: 15357437
    numLines: 15357437
    gbwtTotLen: 982875968
    gbwtTotSz: 982875968
    reverse: 0
    linearFM: Yes
Total time for call to driver() for forward index: 00:08:19
